<?xml version="1.0" encoding="utf-8"?>
<!DOCTYPE hibernate-mapping PUBLIC  
	"-//Hibernate/Hibernate Mapping DTD//EN" 
	"http://www.hibernate.org/dtd/hibernate-mapping-3.0.dtd">

<hibernate-mapping auto-import="true">
	<subclass name="com.braintribe.model.processing.deployment.hibernate.testmodel.inheritance.single.PrePaidDebitCard" entity-name="com.braintribe.model.processing.deployment.hibernate.testmodel.inheritance.single.PrePaidDebitCard" abstract="false" extends="com.braintribe.model.processing.deployment.hibernate.testmodel.inheritance.single.DebitCard">
		<property name="lastRecharged" column="LASTRECHARGED" type="timestamp" />
	</subclass>
</hibernate-mapping>
