<?xml version="1.0" encoding="utf-8"?>
<!DOCTYPE hibernate-mapping PUBLIC  
	"-//Hibernate/Hibernate Mapping DTD//EN" 
	"http://www.hibernate.org/dtd/hibernate-mapping-3.0.dtd">

<hibernate-mapping auto-import="true">
	<class name="com.braintribe.model.processing.deployment.hibernate.testmodel.inheritance.overlapping.ambiguous.A3" entity-name="com.braintribe.model.processing.deployment.hibernate.testmodel.inheritance.overlapping.ambiguous.A3" table="TEST_A3" abstract="false">
		<id name="id" column="ID" type="long">
			<generator class="native" />
		</id>
		<discriminator column="A3TYPE" type="string" />
		<property name="a3" column="A3" type="string" />
		<property name="a3ExtraProperty" column="A3EXTRAPROPERTY" type="string" />
		<property name="globalId" column="GLOBALID" type="string" />
		<property name="partition" column="PARTITION_" type="string" />
	</class>
</hibernate-mapping>
