<?xml version="1.0" encoding="utf-8"?>
<!DOCTYPE hibernate-mapping PUBLIC  
	"-//Hibernate/Hibernate Mapping DTD//EN" 
	"http://www.hibernate.org/dtd/hibernate-mapping-3.0.dtd">

<hibernate-mapping auto-import="true">
	<class name="com.braintribe.model.processing.deployment.hibernate.testmodel.collections.Car" entity-name="com.braintribe.model.processing.deployment.hibernate.testmodel.collections.Car" table="TEST_CAR" abstract="false">
		<id name="id" column="ID" type="long">
			<generator class="native" />
		</id>
		<property name="globalId" column="GLOBALID" type="string" />
		<property name="mark" column="MARK" type="string" />
		<property name="partition" column="PARTITION_" type="string" />
		<many-to-one name="plate" class="com.braintribe.model.processing.deployment.hibernate.testmodel.collections.CarPlate" column="PLATE" />
	</class>
</hibernate-mapping>
