<?xml version="1.0" encoding="utf-8"?>
<!DOCTYPE hibernate-mapping PUBLIC  
	"-//Hibernate/Hibernate Mapping DTD//EN" 
	"http://www.hibernate.org/dtd/hibernate-mapping-3.0.dtd">

<hibernate-mapping auto-import="true">
	<class name="test.models.basic.ComplexEntity" entity-name="test.models.basic.ComplexEntity" table="ComplexEntity" abstract="false">
		<id name="id" column="id" type="long">
			<generator class="native" />
		</id>
		<many-to-one name="entityProperty" class="test.models.basic.SimpleEntity" column="entityProperty" />
		<property name="globalId" column="globalId" type="string" />
		<property name="partition" column="`myCustom partitionCol`" type="string" />
	</class>
</hibernate-mapping>
