<!--
	============================================================================
	BRAINTRIBE TECHNOLOGY GMBH - www.braintribe.com
	Copyright BRAINTRIBE TECHNOLOGY GMBH, Austria, 2002-2021 - All Rights Reserved
	It is strictly forbidden to copy, modify, distribute or use this code without written permission
	To this file the Braintribe License Agreement applies.
	============================================================================
--><project xmlns="http://maven.apache.org/POM/4.0.0" xmlns:xsi="http://www.w3.org/2001/XMLSchema-instance" xsi:schemaLocation="http://maven.apache.org/POM/4.0.0 http://maven.apache.org/maven-v4_0_0.xsd">
	<modelVersion>4.0.0</modelVersion>
	<parent>
		<groupId>org.example</groupId>
		<artifactId>parent</artifactId>
		<version>[2.1,2.2)</version>
	</parent>
	<artifactId>example-data-model</artifactId>
	<version>2.1.52</version>
	<properties>
		<model-revision>1</model-revision>
		<archetype>model</archetype>
	</properties>
	<dependencies>
		<dependency>
			<groupId>com.braintribe.gm</groupId>
			<artifactId>root-model</artifactId>
			<version>${V.com.braintribe.gm}</version>
			<?tag asset?>
		</dependency>
	</dependencies>
</project>
