<?xml version="1.0" encoding="utf-8"?>
<!DOCTYPE hibernate-mapping PUBLIC  
	"-//Hibernate/Hibernate Mapping DTD//EN" 
	"http://www.hibernate.org/dtd/hibernate-mapping-3.0.dtd">

<hibernate-mapping auto-import="true">
	<class name="test.models.naming.InvalidDbNamesEntity" entity-name="test.models.naming.InvalidDbNamesEntity" table="InvalidDbNamesEntity" abstract="false">
		<id name="id" column="id" type="long">
			<generator class="native" />
		</id>
		<property name="$$$COLUMN" column="`$$$COLUMN`" type="string" />
		<property name="$$$Column" column="`$$$Column_`" type="string" />
		<property name="$$$_COLUMN" column="`$$$_COLUMN`" type="string" />
		<property name="$$$_Column" column="`$$$_Column_`" type="string" />
		<property name="$$$_cOLUMN" column="`$$$_cOLUMN0`" type="string" />
		<property name="$$$_column" column="`$$$_column1`" type="string" />
		<property name="$$$cOLUMN" column="`$$$cOLUMN0`" type="string" />
		<property name="$$$column" column="`$$$column1`" type="string" />
		<property name="$COLUMN" column="`$COLUMN`" type="string" />
		<property name="$Column" column="`$Column_`" type="string" />
		<property name="$_COLUMN" column="`$_COLUMN`" type="string" />
		<property name="$_Column" column="`$_Column_`" type="string" />
		<property name="$_cOLUMN" column="`$_cOLUMN0`" type="string" />
		<property name="$_column" column="`$_column1`" type="string" />
		<property name="$cOLUMN" column="`$cOLUMN0`" type="string" />
		<property name="$column" column="`$column1`" type="string" />
		<property name="_$COLUMN" column="`_$COLUMN`" type="string" />
		<property name="_$Column" column="`_$Column_`" type="string" />
		<property name="_$cOLUMN" column="`_$cOLUMN0`" type="string" />
		<property name="_$column" column="`_$column1`" type="string" />
		<property name="_COLUMN" column="_COLUMN" type="string" />
		<property name="_COLUMN_" column="_COLUMN_" type="string" />
		<property name="_Column" column="_Column0" type="string" />
		<property name="_Column_" column="_Column__" type="string" />
		<property name="__COLUMN" column="__COLUMN" type="string" />
		<property name="__Column" column="__Column_" type="string" />
		<property name="___$COLUMN" column="`___$COLUMN`" type="string" />
		<property name="___$Column" column="`___$Column_`" type="string" />
		<property name="___$cOLUMN" column="`___$cOLUMN0`" type="string" />
		<property name="___$column" column="`___$column1`" type="string" />
		<property name="___COLUMN" column="___COLUMN" type="string" />
		<property name="___Column" column="___Column_" type="string" />
		<property name="___cOLUMN" column="___cOLUMN0" type="string" />
		<property name="___column" column="___column1" type="string" />
		<property name="__cOLUMN" column="__cOLUMN0" type="string" />
		<property name="_boolean" column="_boolean" type="string" />
		<property name="_break" column="_break" type="string" />
		<property name="_cOLUMN" column="_cOLUMN1" type="string" />
		<property name="_cOLUMN_" column="_cOLUMN_0" type="string" />
		<property name="_case" column="_case" type="string" />
		<property name="_char" column="_char" type="string" />
		<property name="_column" column="_column2" type="string" />
		<property name="_column_" column="_column_1" type="string" />
		<property name="a" column="a_" type="string" />
		<property name="abort" column="abort_" type="string" />
		<property name="abs" column="abs_" type="string" />
		<property name="absolute" column="absolute_" type="string" />
		<property name="access" column="access_" type="string" />
		<property name="action" column="action_" type="string" />
		<property name="ada" column="ada_" type="string" />
		<property name="add" column="add_" type="string" />
		<property name="admin" column="admin_" type="string" />
		<property name="after" column="after_" type="string" />
		<property name="aggregate" column="aggregate_" type="string" />
		<property name="alias" column="alias_" type="string" />
		<property name="all" column="all_" type="string" />
		<property name="allocate" column="allocate_" type="string" />
		<property name="also" column="also_" type="string" />
		<property name="alter" column="alter_" type="string" />
		<property name="always" column="always_" type="string" />
		<property name="analyse" column="analyse_" type="string" />
		<property name="analyze" column="analyze_" type="string" />
		<property name="and" column="and_" type="string" />
		<property name="any" column="any_" type="string" />
		<property name="are" column="are_" type="string" />
		<property name="array" column="array_" type="string" />
		<property name="as" column="as_" type="string" />
		<property name="asc" column="asc_" type="string" />
		<property name="asensitive" column="asensitive_" type="string" />
		<property name="assertion" column="assertion_" type="string" />
		<property name="assignment" column="assignment_" type="string" />
		<property name="asymmetric" column="asymmetric_" type="string" />
		<property name="at" column="at_" type="string" />
		<property name="atomic" column="atomic_" type="string" />
		<property name="attribute" column="attribute_" type="string" />
		<property name="attributes" column="attributes_" type="string" />
		<property name="audit" column="audit_" type="string" />
		<property name="authorization" column="authorization_" type="string" />
		<property name="auto_increment" column="auto_increment_" type="string" />
		<property name="avg" column="avg_" type="string" />
		<property name="avg_row_length" column="avg_row_length_" type="string" />
		<property name="backup" column="backup_" type="string" />
		<property name="backward" column="backward_" type="string" />
		<property name="before" column="before_" type="string" />
		<property name="begin" column="begin_" type="string" />
		<property name="bernoulli" column="bernoulli_" type="string" />
		<property name="between" column="between_" type="string" />
		<property name="bigint" column="bigint_" type="string" />
		<property name="binary" column="binary_" type="string" />
		<property name="bit" column="bit_" type="string" />
		<property name="bit_length" column="bit_length_" type="string" />
		<property name="bitvar" column="bitvar_" type="string" />
		<property name="blob" column="blob_" type="string" />
		<property name="bool" column="bool_" type="string" />
		<property name="both" column="both_" type="string" />
		<property name="breadth" column="breadth_" type="string" />
		<property name="browse" column="browse_" type="string" />
		<property name="bulk" column="bulk_" type="string" />
		<property name="by" column="by_" type="string" />
		<property name="c" column="c_" type="string" />
		<property name="COLUMN_" column="COLUMN_" type="string" />
		<property name="cache" column="cache_" type="string" />
		<property name="call" column="call_" type="string" />
		<property name="cascade" column="cascade_" type="string" />
		<property name="cast" column="cast_" type="string" />
		<property name="ceil" column="ceil_" type="string" />
		<property name="char_length" column="char_length_" type="string" />
		<property name="character" column="character_" type="string" />
		<property name="check" column="check_" type="string" />
		<property name="checked" column="checked_" type="string" />
		<property name="checkpoint" column="checkpoint_" type="string" />
		<property name="checksum" column="checksum_" type="string" />
		<property name="clob" column="clob_" type="string" />
		<property name="column" column="column0" type="string" />
		<property name="column_" column="column__" type="string" />
		<property name="column_name" column="column_name_" type="string" />
		<property name="columns" column="columns_" type="string" />
		<property name="commit" column="commit_" type="string" />
		<property name="count" column="count_" type="string" />
		<property name="create" column="create_" type="string" />
		<property name="current" column="current_" type="string" />
		<property name="current_date" column="current_date_" type="string" />
		<property name="current_path" column="current_path_" type="string" />
		<property name="current_role" column="current_role_" type="string" />
		<property name="current_time" column="current_time_" type="string" />
		<property name="current_timestamp" column="current_timestamp_" type="string" />
		<property name="current_user" column="current_user_" type="string" />
		<property name="data" column="data_" type="string" />
		<property name="database" column="database_" type="string" />
		<property name="databases" column="databases_" type="string" />
		<property name="date" column="date_" type="string" />
		<property name="datetime" column="datetime_" type="string" />
		<property name="decimal" column="decimal_" type="string" />
		<property name="desc" column="desc_" type="string" />
		<property name="distinct" column="distinct_" type="string" />
		<property name="drop" column="drop_" type="string" />
		<property name="dual" column="dual_" type="string" />
		<property name="enable" column="enable_" type="string" />
		<property name="enclosed" column="enclosed_" type="string" />
		<property name="encoding" column="encoding_" type="string" />
		<property name="encrypted" column="encrypted_" type="string" />
		<property name="equals" column="equals_" type="string" />
		<property name="errlvl" column="errlvl_" type="string" />
		<property name="escape" column="escape_" type="string" />
		<property name="escaped" column="escaped_" type="string" />
		<property name="every" column="every_" type="string" />
		<property name="except" column="except_" type="string" />
		<property name="exception" column="exception_" type="string" />
		<property name="exec" column="exec_" type="string" />
		<property name="execute" column="execute_" type="string" />
		<property name="existing" column="existing_" type="string" />
		<property name="exists" column="exists_" type="string" />
		<property name="exit" column="exit_" type="string" />
		<property name="exp" column="exp_" type="string" />
		<property name="explain" column="explain_" type="string" />
		<property name="from" column="from_" type="string" />
		<property name="fulltext" column="fulltext_" type="string" />
		<property name="function" column="function_" type="string" />
		<property name="globalId" column="globalId" type="string" />
		<property name="grant" column="grant_" type="string" />
		<property name="group" column="group_" type="string" />
		<property name="having" column="having_" type="string" />
		<property name="ilike" column="ilike_" type="string" />
		<property name="index" column="index_" type="string" />
		<property name="inner" column="inner_" type="string" />
		<property name="insert" column="insert_" type="string" />
		<property name="join" column="join_" type="string" />
		<property name="nchar" column="nchar_" type="string" />
		<property name="nclob" column="nclob_" type="string" />
		<property name="not" column="not_" type="string" />
		<property name="nullable" column="nullable_" type="string" />
		<property name="number" column="number_" type="string" />
		<property name="numeric" column="numeric_" type="string" />
		<property name="object" column="object_" type="string" />
		<property name="partition" column="partition_" type="string" />
		<property name="plan" column="plan_" type="string" />
		<property name="procedure" column="procedure_" type="string" />
		<property name="read" column="read_" type="string" />
		<property name="result" column="result_" type="string" />
		<property name="role" column="role_" type="string" />
		<property name="rollback" column="rollback_" type="string" />
		<property name="row" column="row_" type="string" />
		<property name="row_count" column="row_count_" type="string" />
		<property name="row_number" column="row_number_" type="string" />
		<property name="rowcount" column="rowcount_" type="string" />
		<property name="rowguidcol" column="rowguidcol_" type="string" />
		<property name="rowid" column="rowid_" type="string" />
		<property name="rownum" column="rownum_" type="string" />
		<property name="rows" column="rows_" type="string" />
		<property name="save" column="save_" type="string" />
		<property name="savepoint" column="savepoint_" type="string" />
		<property name="schema" column="schema_" type="string" />
		<property name="search" column="search_" type="string" />
		<property name="second" column="second_" type="string" />
		<property name="select" column="select_" type="string" />
		<property name="sequence" column="sequence_" type="string" />
		<property name="session" column="session_" type="string" />
		<property name="session_user" column="session_user_" type="string" />
		<property name="set" column="set_" type="string" />
		<property name="sql" column="sql_" type="string" />
		<property name="sqlca" column="sqlca_" type="string" />
		<property name="sqlcode" column="sqlcode_" type="string" />
		<property name="sqlerror" column="sqlerror_" type="string" />
		<property name="statement" column="statement_" type="string" />
		<property name="string" column="string_" type="string" />
		<property name="substring" column="substring_" type="string" />
		<property name="successful" column="successful_" type="string" />
		<property name="sum" column="sum_" type="string" />
		<property name="synonym" column="synonym_" type="string" />
		<property name="sysdate" column="sysdate_" type="string" />
		<property name="sysid" column="sysid_" type="string" />
		<property name="system" column="system_" type="string" />
		<property name="system_user" column="system_user_" type="string" />
		<property name="table" column="table_" type="string" />
		<property name="table_name" column="table_name_" type="string" />
		<property name="tables" column="tables_" type="string" />
		<property name="tablespace" column="tablespace_" type="string" />
		<property name="temp" column="temp_" type="string" />
		<property name="template" column="template_" type="string" />
		<property name="temporary" column="temporary_" type="string" />
		<property name="text" column="text_" type="string" />
		<property name="time" column="time_" type="string" />
		<property name="timestamp" column="timestamp_" type="string" />
		<property name="tinyblob" column="tinyblob_" type="string" />
		<property name="tinyint" column="tinyint_" type="string" />
		<property name="tinytext" column="tinytext_" type="string" />
		<property name="trigger" column="trigger_" type="string" />
		<property name="union" column="union_" type="string" />
		<property name="unique" column="unique_" type="string" />
		<property name="update" column="update_" type="string" />
		<property name="upper" column="upper_" type="string" />
		<property name="usage" column="usage_" type="string" />
		<property name="use" column="use_" type="string" />
		<property name="user" column="user_" type="string" />
		<property name="validator" column="validator_" type="string" />
		<property name="value" column="value_" type="string" />
		<property name="varchar" column="varchar_" type="string" />
		<property name="varchar2" column="varchar2_" type="string" />
		<property name="variable" column="variable_" type="string" />
		<property name="where" column="where_" type="string" />
		<property name="year" column="year_" type="string" />
	</class>
</hibernate-mapping>
