<?xml version="1.0" encoding="utf-8"?>
<!DOCTYPE hibernate-mapping PUBLIC  
	"-//Hibernate/Hibernate Mapping DTD//EN" 
	"http://www.hibernate.org/dtd/hibernate-mapping-3.0.dtd">

<hibernate-mapping auto-import="true">
	<subclass name="test.models.inherit.e00.B" entity-name="test.models.inherit.e00.B" abstract="false" extends="test.models.inherit.e00.A" discriminator-value="B">
		<property name="propertyB" column="propertyB" type="string" />
	</subclass>
</hibernate-mapping>
