<?xml version="1.0" encoding="utf-8"?>
<!DOCTYPE hibernate-mapping PUBLIC  
	"-//Hibernate/Hibernate Mapping DTD//EN" 
	"http://www.hibernate.org/dtd/hibernate-mapping-3.0.dtd">

<hibernate-mapping auto-import="true">
	<class name="test.models.inherit.e00.C" entity-name="test.models.inherit.e00.C" table="C_" abstract="false">
		<id name="id" column="id" type="long">
			<generator class="native" />
		</id>
		<property name="globalId" column="globalId" type="string" />
		<property name="partition" column="partition_" type="string" />
		<property name="propertyA" column="propertyA" type="string" />
		<property name="propertyC" column="propertyC" type="string" />
	</class>
</hibernate-mapping>
