<?xml version="1.0" encoding="utf-8"?>
<!DOCTYPE hibernate-mapping PUBLIC  
	"-//Hibernate/Hibernate Mapping DTD//EN" 
	"http://www.hibernate.org/dtd/hibernate-mapping-3.0.dtd">

<hibernate-mapping auto-import="true">
	<class name="com.braintribe.model.processing.deployment.hibernate.testmodel.inheritance.overlaidproperty.ComputerManufacturer" entity-name="com.braintribe.model.processing.deployment.hibernate.testmodel.inheritance.overlaidproperty.ComputerManufacturer" table="TEST_COMPUTERMANUFACTURER" abstract="false">
		<id name="id" column="ID" type="long">
			<generator class="native" />
		</id>
		<property name="globalId" column="GLOBALID" type="string" />
		<property name="name" column="NAME_" type="string" />
		<property name="partition" column="PARTITION_" type="string" />
		<property name="processorsSupplier" column="PROCESSORSSUPPLIER" type="string" />
	</class>
</hibernate-mapping>
