<?xml version="1.0" encoding="utf-8"?>
<!DOCTYPE hibernate-mapping PUBLIC  
	"-//Hibernate/Hibernate Mapping DTD//EN" 
	"http://www.hibernate.org/dtd/hibernate-mapping-3.0.dtd">

<hibernate-mapping auto-import="true">
	<class name="com.braintribe.model.processing.deployment.hibernate.testmodel.enriching.EnrichedEntity" entity-name="com.braintribe.model.processing.deployment.hibernate.testmodel.enriching.EnrichedEntity" table="TEST_XX_ENRICHED_ENTITY_HINTED_TB" abstract="false">
		<id name="id" column="ID" type="long">
			<generator class="assigned" />
		</id>
		<property name="clobHintString" column="CLOBHINTSTRING" type="clob" lazy="true" />
		<property name="doubleWithPrecisionScale" column="DOUBLEWITHPRECISIONSCALE" type="double" precision="21" scale="20" />
		<property name="globalId" column="GLOBALID" type="string" />
		<property name="maxLengthAndClobHintString" column="MAXLENGTHANDCLOBHINTSTRING" type="clob" />
		<property name="maxLengthAndTextHintString" column="MAXLENGTHANDTEXTHINTSTRING" type="string" length="3000" />
		<list name="maxLengthList" table="TEST_ENRICENTITYMAXLENGTHLIST">
	 		<key column="ENRICHEDENTITYID" />
	 		<list-index column="ENRICHEDENTITYMAXLENGTHLISTIDX" />
			<element column="MAXLENGTHLIST" type="string" />
		</list>
		<map name="maxLengthMap" table="TEST_ENRICENTITYMAXLENGTHMAP">
	 		<key column="ENRICHEDENTITYID" />
			<map-key column="MAXLENGTHMAPKEY" type="string" />
			<element column="MAXLENGTHMAP" type="string" />
		</map>
		<set name="maxLengthSet" table="TEST_ENRICENTITYMAXLENGTHSET">
	 		<key column="ENRICHEDENTITYID" />
			<element column="MAXLENGTHSET" type="string" />
		</set>
		<property name="maxLengthString" column="MAXLENGTHSTRING" type="string" />
		<property name="nonUniqueHintedNumber" column="NONUNIQUEHINTEDNUMBER" type="long" unique="false" />
		<property name="nonUniqueHintedString" column="NONUNIQUEHINTEDSTRING" type="string" unique="false" />
		<property name="partition" column="PARTITION_" type="string" />
		<property name="regularString" column="REGULARSTRING" type="string" />
		<property name="sharedIndexA" column="SHAREDINDEXA" type="string" index="XX_MULTI_COL_IDX" />
		<property name="sharedIndexB" column="SHAREDINDEXB" type="string" index="XX_MULTI_COL_IDX" />
		<property name="sharedUniqueIndexA" column="SHAREDUNIQUEINDEXA" type="string" unique-key="XX_MULTI_COL_UNIQUE_IDX" />
		<property name="sharedUniqueIndexB" column="SHAREDUNIQUEINDEXB" type="string" unique-key="XX_MULTI_COL_UNIQUE_IDX" />
		<property name="textHintString" column="TEXTHINTSTRING" type="string" length="1000" />
		<list name="textHintStringList" table="TEST_XX_TEXT_HINT_LIST">
	 		<key column="ENRICHEDENTITYID" />
	 		<list-index column="ENRICENTITTEXTHINTSTRINLISTIDX" />
			<element column="TEXTHINTSTRINGLIST" type="string" length="2000" />
		</list>
		<map name="textHintStringMapKey" table="TEST_ENRCENTTTXTHNTSTRINMAPKEY">
	 		<key column="ENRICHEDENTITYID" />
			<map-key column="TEXTHINTSTRINGMAPKEYKEY" type="string" length="1000" />
			<element column="TEXTHINTSTRINGMAPKEY" type="integer" />
		</map>
		<map name="textHintStringMapKeyAndValue" table="TEST_ENRENTTXTHNTSTRNMPKYANDVL">
	 		<key column="ENRICHEDENTITYID" />
			<map-key column="TEXTHINTSTRINMAPKEYANDVALUEKEY" type="string" length="2000" />
			<element column="TEXTHINTSTRINGMAPKEYANDVALUE" type="string" length="4000" />
		</map>
		<map name="textHintStringMapValue" table="TEST_XX_TEXT_HINT_MAP">
	 		<key column="ENRICHEDENTITYID" />
			<map-key column="TEXTHINTSTRINGMAPVALUEKEY" type="integer" />
			<element column="TEXTHINTSTRINGMAPVALUE" type="string" length="4000" />
		</map>
		<set name="textHintStringSet" table="TEST_ENRCENTITTEXTHINTSTRINSET">
	 		<key column="ENRICHEDENTITYID" />
			<element column="TEXTHINTSTRINGSET" type="string" length="3000" />
		</set>
		<property name="uniqueHintedNumber" column="UNIQUEHINTEDNUMBER" type="long" precision="20" scale="0" unique="true" />
		<property name="uniqueHintedString" column="UNIQUEHINTEDSTRING" type="string" unique="true" />
	</class>
</hibernate-mapping>
