<?xml version="1.0" encoding="utf-8"?>
<!DOCTYPE hibernate-mapping PUBLIC  
	"-//Hibernate/Hibernate Mapping DTD//EN" 
	"http://www.hibernate.org/dtd/hibernate-mapping-3.0.dtd">

<hibernate-mapping auto-import="true">
	<subclass name="com.braintribe.model.processing.deployment.hibernate.testmodel.inheritance.overlapping.ambiguous.E" entity-name="com.braintribe.model.processing.deployment.hibernate.testmodel.inheritance.overlapping.ambiguous.E" abstract="false" extends="com.braintribe.model.processing.deployment.hibernate.testmodel.inheritance.overlapping.ambiguous.B">
		<property name="c" column="C_" type="string" />
		<property name="e" column="E" type="string" />
	</subclass>
</hibernate-mapping>
