<?xml version="1.0" encoding="utf-8"?>
<!DOCTYPE hibernate-mapping PUBLIC  
	"-//Hibernate/Hibernate Mapping DTD//EN" 
	"http://www.hibernate.org/dtd/hibernate-mapping-3.0.dtd">

<hibernate-mapping auto-import="true">
	<class name="com.braintribe.model.processing.deployment.hibernate.testmodel.inheritance.multiple.G" entity-name="com.braintribe.model.processing.deployment.hibernate.testmodel.inheritance.multiple.G" table="TEST_G" abstract="false">
		<id name="id" column="ID" type="long">
			<generator class="native" />
		</id>
		<property name="a" column="A_" type="string" />
		<property name="b" column="B" type="string" />
		<property name="c" column="C_" type="string" />
		<property name="d" column="D" type="string" />
		<property name="e" column="E" type="string" />
		<property name="f" column="F" type="string" />
		<property name="g" column="G_" type="string" />
		<property name="globalId" column="GLOBALID" type="string" />
		<property name="partition" column="PARTITION_" type="string" />
	</class>
</hibernate-mapping>
