<?xml version="1.0" encoding="utf-8"?>
<!DOCTYPE hibernate-mapping PUBLIC  
	"-//Hibernate/Hibernate Mapping DTD//EN" 
	"http://www.hibernate.org/dtd/hibernate-mapping-3.0.dtd">

<hibernate-mapping auto-import="true">
	<class name="com.braintribe.model.processing.deployment.hibernate.testmodel.dbnaming.InvalidDbNamesEntity" entity-name="com.braintribe.model.processing.deployment.hibernate.testmodel.dbnaming.InvalidDbNamesEntity" table="TEST_INVALIDDBNAMESENTITY" abstract="false">
		<id name="id" column="ID" type="long">
			<generator class="native" />
		</id>
		<property name="a" column="A_" type="string" />
		<property name="abort" column="ABORT_" type="string" />
		<property name="abs" column="ABS_" type="string" />
		<property name="absolute" column="ABSOLUTE_" type="string" />
		<property name="access" column="ACCESS_" type="string" />
		<property name="action" column="ACTION_" type="string" />
		<property name="ada" column="ADA_" type="string" />
		<property name="add" column="ADD_" type="string" />
		<property name="admin" column="ADMIN_" type="string" />
		<property name="after" column="AFTER_" type="string" />
		<property name="aggregate" column="AGGREGATE_" type="string" />
		<property name="alias" column="ALIAS_" type="string" />
		<property name="all" column="ALL_" type="string" />
		<property name="allocate" column="ALLOCATE_" type="string" />
		<property name="also" column="ALSO_" type="string" />
		<property name="alter" column="ALTER_" type="string" />
		<property name="always" column="ALWAYS_" type="string" />
		<property name="analyse" column="ANALYSE_" type="string" />
		<property name="analyze" column="ANALYZE_" type="string" />
		<property name="and" column="AND_" type="string" />
		<property name="any" column="ANY_" type="string" />
		<property name="are" column="ARE_" type="string" />
		<property name="array" column="ARRAY_" type="string" />
		<property name="as" column="AS_" type="string" />
		<property name="asc" column="ASC_" type="string" />
		<property name="asensitive" column="ASENSITIVE_" type="string" />
		<property name="assertion" column="ASSERTION_" type="string" />
		<property name="assignment" column="ASSIGNMENT_" type="string" />
		<property name="asymmetric" column="ASYMMETRIC_" type="string" />
		<property name="at" column="AT_" type="string" />
		<property name="atomic" column="ATOMIC_" type="string" />
		<property name="attribute" column="ATTRIBUTE_" type="string" />
		<property name="attributes" column="ATTRIBUTES_" type="string" />
		<property name="audit" column="AUDIT_" type="string" />
		<property name="authorization" column="AUTHORIZATION_" type="string" />
		<property name="auto_increment" column="AUTO_INCREMENT_" type="string" />
		<property name="avg" column="AVG_" type="string" />
		<property name="avg_row_length" column="AVG_ROW_LENGTH_" type="string" />
		<property name="backup" column="BACKUP_" type="string" />
		<property name="backward" column="BACKWARD_" type="string" />
		<property name="before" column="BEFORE_" type="string" />
		<property name="begin" column="BEGIN_" type="string" />
		<property name="bernoulli" column="BERNOULLI_" type="string" />
		<property name="between" column="BETWEEN_" type="string" />
		<property name="bigint" column="BIGINT_" type="string" />
		<property name="binary" column="BINARY_" type="string" />
		<property name="bit" column="BIT_" type="string" />
		<property name="bit_length" column="BIT_LENGTH_" type="string" />
		<property name="bitvar" column="BITVAR_" type="string" />
		<property name="blob" column="BLOB_" type="string" />
		<property name="bool" column="BOOL_" type="string" />
		<property name="boolean" column="BOOLEAN_" type="string" />
		<property name="both" column="BOTH_" type="string" />
		<property name="breadth" column="BREADTH_" type="string" />
		<property name="break" column="BREAK_" type="string" />
		<property name="browse" column="BROWSE_" type="string" />
		<property name="bulk" column="BULK_" type="string" />
		<property name="by" column="BY_" type="string" />
		<property name="c" column="C_" type="string" />
		<property name="cache" column="CACHE_" type="string" />
		<property name="call" column="CALL_" type="string" />
		<property name="cascade" column="CASCADE_" type="string" />
		<property name="case" column="CASE_" type="string" />
		<property name="cast" column="CAST_" type="string" />
		<property name="ceil" column="CEIL_" type="string" />
		<property name="char" column="CHAR_" type="string" />
		<property name="char_length" column="CHAR_LENGTH_" type="string" />
		<property name="character" column="CHARACTER_" type="string" />
		<property name="check" column="CHECK_" type="string" />
		<property name="checked" column="CHECKED_" type="string" />
		<property name="checkpoint" column="CHECKPOINT_" type="string" />
		<property name="checksum" column="CHECKSUM_" type="string" />
		<property name="clob" column="CLOB_" type="string" />
		<property name="column_name" column="COLUMN_NAME_" type="string" />
		<property name="columns" column="COLUMNS_" type="string" />
		<property name="commit" column="COMMIT_" type="string" />
		<property name="count" column="COUNT_" type="string" />
		<property name="create" column="CREATE_" type="string" />
		<property name="current" column="CURRENT_" type="string" />
		<property name="current_date" column="CURRENT_DATE_" type="string" />
		<property name="current_path" column="CURRENT_PATH_" type="string" />
		<property name="current_role" column="CURRENT_ROLE_" type="string" />
		<property name="current_time" column="CURRENT_TIME_" type="string" />
		<property name="current_timestamp" column="CURRENT_TIMESTAMP_" type="string" />
		<property name="current_user" column="CURRENT_USER_" type="string" />
		<property name="data" column="DATA_" type="string" />
		<property name="database" column="DATABASE_" type="string" />
		<property name="databases" column="DATABASES_" type="string" />
		<property name="date" column="DATE_" type="string" />
		<property name="datetime" column="DATETIME_" type="string" />
		<property name="decimal" column="DECIMAL_" type="string" />
		<property name="desc" column="DESC_" type="string" />
		<property name="distinct" column="DISTINCT_" type="string" />
		<property name="drop" column="DROP_" type="string" />
		<property name="dual" column="DUAL_" type="string" />
		<property name="enable" column="ENABLE_" type="string" />
		<property name="enclosed" column="ENCLOSED_" type="string" />
		<property name="encoding" column="ENCODING_" type="string" />
		<property name="encrypted" column="ENCRYPTED_" type="string" />
		<property name="equals" column="EQUALS_" type="string" />
		<property name="errlvl" column="ERRLVL_" type="string" />
		<property name="escape" column="ESCAPE_" type="string" />
		<property name="escaped" column="ESCAPED_" type="string" />
		<property name="every" column="EVERY_" type="string" />
		<property name="except" column="EXCEPT_" type="string" />
		<property name="exception" column="EXCEPTION_" type="string" />
		<property name="exec" column="EXEC_" type="string" />
		<property name="execute" column="EXECUTE_" type="string" />
		<property name="existing" column="EXISTING_" type="string" />
		<property name="exists" column="EXISTS_" type="string" />
		<property name="exit" column="EXIT_" type="string" />
		<property name="exp" column="EXP_" type="string" />
		<property name="explain" column="EXPLAIN_" type="string" />
		<property name="from" column="FROM_" type="string" />
		<property name="fulltext" column="FULLTEXT_" type="string" />
		<property name="function" column="FUNCTION_" type="string" />
		<property name="globalId" column="GLOBALID" type="string" />
		<property name="grant" column="GRANT_" type="string" />
		<property name="group" column="GROUP_" type="string" />
		<property name="having" column="HAVING_" type="string" />
		<property name="ilike" column="ILIKE_" type="string" />
		<property name="index" column="INDEX_" type="string" />
		<property name="inner" column="INNER_" type="string" />
		<property name="insert" column="INSERT_" type="string" />
		<property name="join" column="JOIN_" type="string" />
		<property name="nchar" column="NCHAR_" type="string" />
		<property name="nclob" column="NCLOB_" type="string" />
		<property name="not" column="NOT_" type="string" />
		<property name="nullable" column="NULLABLE_" type="string" />
		<property name="number" column="NUMBER_" type="string" />
		<property name="numeric" column="NUMERIC_" type="string" />
		<property name="object" column="OBJECT_" type="string" />
		<property name="partition" column="PARTITION_" type="string" />
		<property name="plan" column="PLAN_" type="string" />
		<property name="procedure" column="PROCEDURE_" type="string" />
		<property name="read" column="READ_" type="string" />
		<property name="result" column="RESULT_" type="string" />
		<property name="role" column="ROLE_" type="string" />
		<property name="rollback" column="ROLLBACK_" type="string" />
		<property name="row" column="ROW_" type="string" />
		<property name="row_count" column="ROW_COUNT_" type="string" />
		<property name="row_number" column="ROW_NUMBER_" type="string" />
		<property name="rowcount" column="ROWCOUNT_" type="string" />
		<property name="rowguidcol" column="ROWGUIDCOL_" type="string" />
		<property name="rowid" column="ROWID_" type="string" />
		<property name="rownum" column="ROWNUM_" type="string" />
		<property name="rows" column="ROWS_" type="string" />
		<property name="save" column="SAVE_" type="string" />
		<property name="savepoint" column="SAVEPOINT_" type="string" />
		<property name="schema" column="SCHEMA_" type="string" />
		<property name="search" column="SEARCH_" type="string" />
		<property name="second" column="SECOND_" type="string" />
		<property name="select" column="SELECT_" type="string" />
		<property name="sequence" column="SEQUENCE_" type="string" />
		<property name="session" column="SESSION_" type="string" />
		<property name="session_user" column="SESSION_USER_" type="string" />
		<property name="set" column="SET_" type="string" />
		<property name="sql" column="SQL_" type="string" />
		<property name="sqlca" column="SQLCA_" type="string" />
		<property name="sqlcode" column="SQLCODE_" type="string" />
		<property name="sqlerror" column="SQLERROR_" type="string" />
		<property name="statement" column="STATEMENT_" type="string" />
		<property name="string" column="STRING_" type="string" />
		<property name="substring" column="SUBSTRING_" type="string" />
		<property name="successful" column="SUCCESSFUL_" type="string" />
		<property name="sum" column="SUM_" type="string" />
		<property name="synonym" column="SYNONYM_" type="string" />
		<property name="sysdate" column="SYSDATE_" type="string" />
		<property name="sysid" column="SYSID_" type="string" />
		<property name="system" column="SYSTEM_" type="string" />
		<property name="system_user" column="SYSTEM_USER_" type="string" />
		<property name="table" column="TABLE_" type="string" />
		<property name="table_name" column="TABLE_NAME_" type="string" />
		<property name="tables" column="TABLES_" type="string" />
		<property name="tablespace" column="TABLESPACE_" type="string" />
		<property name="temp" column="TEMP_" type="string" />
		<property name="template" column="TEMPLATE_" type="string" />
		<property name="temporary" column="TEMPORARY_" type="string" />
		<property name="text" column="TEXT_" type="string" />
		<property name="time" column="TIME_" type="string" />
		<property name="timestamp" column="TIMESTAMP_" type="string" />
		<property name="tinyblob" column="TINYBLOB_" type="string" />
		<property name="tinyint" column="TINYINT_" type="string" />
		<property name="tinytext" column="TINYTEXT_" type="string" />
		<property name="trigger" column="TRIGGER_" type="string" />
		<property name="union" column="UNION_" type="string" />
		<property name="unique" column="UNIQUE_" type="string" />
		<property name="update" column="UPDATE_" type="string" />
		<property name="upper" column="UPPER_" type="string" />
		<property name="usage" column="USAGE_" type="string" />
		<property name="use" column="USE_" type="string" />
		<property name="user" column="USER_" type="string" />
		<property name="validator" column="VALIDATOR_" type="string" />
		<property name="value" column="VALUE_" type="string" />
		<property name="varchar" column="VARCHAR_" type="string" />
		<property name="varchar2" column="VARCHAR2_" type="string" />
		<property name="variable" column="VARIABLE_" type="string" />
		<property name="where" column="WHERE_" type="string" />
		<property name="year" column="YEAR_" type="string" />
	</class>
</hibernate-mapping>
